
All done! âœ¨ ðŸ‘‘ âœ¨
1 file would be left unchanged.
