would reformat -

Oh no! ğŸ’¥ ğŸš§ ğŸ’¥
1 file would be reformatted.
