would reformat tests/before/fmton.nim

Oh no! ğŸ’¥ ğŸš§ ğŸ’¥
1 file would be reformatted, 2 files would be left unchanged.
